Archive member included to satisfy reference by file (symbol)

c:/program files (x86)/gnu tools arm embedded/5.2 2015q4/bin/../lib/gcc/arm-none-eabi/5.2.1/armv7-m\libgcc.a(_arm_addsubdf3.o)
                              ..\obj\POWR_rov2016_Interface.o (__aeabi_dsub)
c:/program files (x86)/gnu tools arm embedded/5.2 2015q4/bin/../lib/gcc/arm-none-eabi/5.2.1/armv7-m\libgcc.a(_arm_muldivdf3.o)
                              ..\obj\POWR_rov2016_Interface.o (__aeabi_dmul)
c:/program files (x86)/gnu tools arm embedded/5.2 2015q4/bin/../lib/gcc/arm-none-eabi/5.2.1/armv7-m\libgcc.a(_arm_truncdfsf2.o)
                              ..\obj\POWR_rov2016_Interface.o (__aeabi_d2f)
c:/program files (x86)/gnu tools arm embedded/5.2 2015q4/bin/../lib/gcc/arm-none-eabi/5.2.1/armv7-m\libgcc.a(_arm_addsubsf3.o)
                              ..\obj\POWR_rov2016_Interface.o (__aeabi_fsub)
c:/program files (x86)/gnu tools arm embedded/5.2 2015q4/bin/../lib/gcc/arm-none-eabi/5.2.1/armv7-m\libgcc.a(_arm_muldivsf3.o)
                              ..\obj\manip.o (__aeabi_fmul)
c:/program files (x86)/gnu tools arm embedded/5.2 2015q4/bin/../lib/gcc/arm-none-eabi/5.2.1/armv7-m\libgcc.a(_arm_cmpsf2.o)
                              ..\obj\POWR_rov2016_Interface.o (__aeabi_fcmplt)
c:/program files (x86)/gnu tools arm embedded/5.2 2015q4/bin/../lib/gcc/arm-none-eabi/5.2.1/armv7-m\libgcc.a(_arm_fixsfsi.o)
                              ..\obj\POWR_rov2016_Interface.o (__aeabi_f2iz)

Allocating common symbols
Common symbol       size              file

Rx_Array            0x80              ..\obj\POWR_Canbus.o

Discarded input sections

 .text          0x00000000        0x0 ..\obj\semihosting.o
 .data          0x00000000        0x0 ..\obj\semihosting.o
 .bss           0x00000000        0x0 ..\obj\semihosting.o
 .debug_line    0x00000000        0x0 ..\obj\semihosting.o
 .debug_str     0x00000000       0xcc ..\obj\semihosting.o
 .comment       0x00000000       0x6f ..\obj\semihosting.o
 .ARM.attributes
                0x00000000       0x33 ..\obj\semihosting.o
 .text          0x00000000        0x0 ..\obj\POWR_Current.o
 .data          0x00000000        0x0 ..\obj\POWR_Current.o
 .bss           0x00000000       0x1c ..\obj\POWR_Current.o
 .text.init_SPI_1
                0x00000000       0x9c ..\obj\POWR_Current.o
 .text.init_ADC_Current
                0x00000000       0x20 ..\obj\POWR_Current.o
 .text.ADC_Current
                0x00000000       0x4c ..\obj\POWR_Current.o
 .text.SPI_Send
                0x00000000       0x4c ..\obj\POWR_Current.o
 .debug_info    0x00000000      0x457 ..\obj\POWR_Current.o
 .debug_abbrev  0x00000000      0x142 ..\obj\POWR_Current.o
 .debug_aranges
                0x00000000       0x38 ..\obj\POWR_Current.o
 .debug_ranges  0x00000000       0x28 ..\obj\POWR_Current.o
 .debug_line    0x00000000      0x2b1 ..\obj\POWR_Current.o
 .debug_str     0x00000000      0x447 ..\obj\POWR_Current.o
 .comment       0x00000000       0x6f ..\obj\POWR_Current.o
 .debug_frame   0x00000000       0x94 ..\obj\POWR_Current.o
 .ARM.attributes
                0x00000000       0x33 ..\obj\POWR_Current.o
 .text          0x00000000        0x0 ..\obj\stm32f10x_tim.o
 .data          0x00000000        0x0 ..\obj\stm32f10x_tim.o
 .bss           0x00000000        0x0 ..\obj\stm32f10x_tim.o
 .text.TIM_DeInit
                0x00000000      0x22c ..\obj\stm32f10x_tim.o
 .text.TIM_OC1Init
                0x00000000      0x118 ..\obj\stm32f10x_tim.o
 .text.TIM_OC2Init
                0x00000000      0x110 ..\obj\stm32f10x_tim.o
 .text.TIM_OC4Init
                0x00000000       0xd0 ..\obj\stm32f10x_tim.o
 .text.TIM_ICInit
                0x00000000       0xa8 ..\obj\stm32f10x_tim.o
 .text.TIM_PWMIConfig
                0x00000000       0xb8 ..\obj\stm32f10x_tim.o
 .text.TIM_BDTRConfig
                0x00000000       0x50 ..\obj\stm32f10x_tim.o
 .text.TIM_TimeBaseStructInit
                0x00000000       0x34 ..\obj\stm32f10x_tim.o
 .text.TIM_OCStructInit
                0x00000000       0x44 ..\obj\stm32f10x_tim.o
 .text.TIM_ICStructInit
                0x00000000       0x30 ..\obj\stm32f10x_tim.o
 .text.TIM_BDTRStructInit
                0x00000000       0x3c ..\obj\stm32f10x_tim.o
 .text.TIM_CtrlPWMOutputs
                0x00000000       0x4c ..\obj\stm32f10x_tim.o
 .text.TIM_ITConfig
                0x00000000       0x48 ..\obj\stm32f10x_tim.o
 .text.TIM_GenerateEvent
                0x00000000       0x1c ..\obj\stm32f10x_tim.o
 .text.TIM_DMAConfig
                0x00000000       0x28 ..\obj\stm32f10x_tim.o
 .text.TIM_DMACmd
                0x00000000       0x48 ..\obj\stm32f10x_tim.o
 .text.TIM_InternalClockConfig
                0x00000000       0x24 ..\obj\stm32f10x_tim.o
 .text.TIM_ITRxExternalClockConfig
                0x00000000       0x30 ..\obj\stm32f10x_tim.o
 .text.TIM_TIxExternalClockConfig
                0x00000000       0x5c ..\obj\stm32f10x_tim.o
 .text.TIM_ETRClockMode1Config
                0x00000000       0x60 ..\obj\stm32f10x_tim.o
 .text.TIM_ETRClockMode2Config
                0x00000000       0x40 ..\obj\stm32f10x_tim.o
 .text.TIM_ETRConfig
                0x00000000       0x54 ..\obj\stm32f10x_tim.o
 .text.TIM_PrescalerConfig
                0x00000000       0x28 ..\obj\stm32f10x_tim.o
 .text.TIM_CounterModeConfig
                0x00000000       0x38 ..\obj\stm32f10x_tim.o
 .text.TIM_SelectInputTrigger
                0x00000000       0x38 ..\obj\stm32f10x_tim.o
 .text.TIM_EncoderInterfaceConfig
                0x00000000       0x98 ..\obj\stm32f10x_tim.o
 .text.TIM_ForcedOC1Config
                0x00000000       0x38 ..\obj\stm32f10x_tim.o
 .text.TIM_ForcedOC2Config
                0x00000000       0x3c ..\obj\stm32f10x_tim.o
 .text.TIM_ForcedOC3Config
                0x00000000       0x38 ..\obj\stm32f10x_tim.o
 .text.TIM_ForcedOC4Config
                0x00000000       0x3c ..\obj\stm32f10x_tim.o
 .text.TIM_SelectCOM
                0x00000000       0x40 ..\obj\stm32f10x_tim.o
 .text.TIM_SelectCCDMA
                0x00000000       0x40 ..\obj\stm32f10x_tim.o
 .text.TIM_CCPreloadControl
                0x00000000       0x40 ..\obj\stm32f10x_tim.o
 .text.TIM_OC1PreloadConfig
                0x00000000       0x38 ..\obj\stm32f10x_tim.o
 .text.TIM_OC2PreloadConfig
                0x00000000       0x3c ..\obj\stm32f10x_tim.o
 .text.TIM_OC4PreloadConfig
                0x00000000       0x3c ..\obj\stm32f10x_tim.o
 .text.TIM_OC1FastConfig
                0x00000000       0x38 ..\obj\stm32f10x_tim.o
 .text.TIM_OC2FastConfig
                0x00000000       0x3c ..\obj\stm32f10x_tim.o
 .text.TIM_OC3FastConfig
                0x00000000       0x38 ..\obj\stm32f10x_tim.o
 .text.TIM_OC4FastConfig
                0x00000000       0x3c ..\obj\stm32f10x_tim.o
 .text.TIM_ClearOC1Ref
                0x00000000       0x38 ..\obj\stm32f10x_tim.o
 .text.TIM_ClearOC2Ref
                0x00000000       0x3c ..\obj\stm32f10x_tim.o
 .text.TIM_ClearOC3Ref
                0x00000000       0x38 ..\obj\stm32f10x_tim.o
 .text.TIM_ClearOC4Ref
                0x00000000       0x3c ..\obj\stm32f10x_tim.o
 .text.TIM_OC1PolarityConfig
                0x00000000       0x38 ..\obj\stm32f10x_tim.o
 .text.TIM_OC1NPolarityConfig
                0x00000000       0x38 ..\obj\stm32f10x_tim.o
 .text.TIM_OC2PolarityConfig
                0x00000000       0x3c ..\obj\stm32f10x_tim.o
 .text.TIM_OC2NPolarityConfig
                0x00000000       0x3c ..\obj\stm32f10x_tim.o
 .text.TIM_OC3PolarityConfig
                0x00000000       0x3c ..\obj\stm32f10x_tim.o
 .text.TIM_OC3NPolarityConfig
                0x00000000       0x3c ..\obj\stm32f10x_tim.o
 .text.TIM_OC4PolarityConfig
                0x00000000       0x3c ..\obj\stm32f10x_tim.o
 .text.TIM_CCxCmd
                0x00000000       0x5c ..\obj\stm32f10x_tim.o
 .text.TIM_CCxNCmd
                0x00000000       0x5c ..\obj\stm32f10x_tim.o
 .text.TIM_SelectOCxM
                0x00000000       0xac ..\obj\stm32f10x_tim.o
 .text.TIM_UpdateDisableConfig
                0x00000000       0x40 ..\obj\stm32f10x_tim.o
 .text.TIM_UpdateRequestConfig
                0x00000000       0x40 ..\obj\stm32f10x_tim.o
 .text.TIM_SelectHallSensor
                0x00000000       0x40 ..\obj\stm32f10x_tim.o
 .text.TIM_SelectOnePulseMode
                0x00000000       0x38 ..\obj\stm32f10x_tim.o
 .text.TIM_SelectOutputTrigger
                0x00000000       0x38 ..\obj\stm32f10x_tim.o
 .text.TIM_SelectSlaveMode
                0x00000000       0x38 ..\obj\stm32f10x_tim.o
 .text.TIM_SelectMasterSlaveMode
                0x00000000       0x38 ..\obj\stm32f10x_tim.o
 .text.TIM_SetCounter
                0x00000000       0x1c ..\obj\stm32f10x_tim.o
 .text.TIM_SetAutoreload
                0x00000000       0x1c ..\obj\stm32f10x_tim.o
 .text.TIM_SetCompare1
                0x00000000       0x1c ..\obj\stm32f10x_tim.o
 .text.TIM_SetCompare2
                0x00000000       0x1c ..\obj\stm32f10x_tim.o
 .text.TIM_SetCompare3
                0x00000000       0x1c ..\obj\stm32f10x_tim.o
 .text.TIM_SetCompare4
                0x00000000       0x20 ..\obj\stm32f10x_tim.o
 .text.TIM_SetIC1Prescaler
                0x00000000       0x38 ..\obj\stm32f10x_tim.o
 .text.TIM_SetIC2Prescaler
                0x00000000       0x3c ..\obj\stm32f10x_tim.o
 .text.TIM_SetIC3Prescaler
                0x00000000       0x38 ..\obj\stm32f10x_tim.o
 .text.TIM_SetIC4Prescaler
                0x00000000       0x3c ..\obj\stm32f10x_tim.o
 .text.TIM_SetClockDivision
                0x00000000       0x38 ..\obj\stm32f10x_tim.o
 .text.TIM_GetCapture1
                0x00000000       0x18 ..\obj\stm32f10x_tim.o
 .text.TIM_GetCapture2
                0x00000000       0x18 ..\obj\stm32f10x_tim.o
 .text.TIM_GetCapture3
                0x00000000       0x18 ..\obj\stm32f10x_tim.o
 .text.TIM_GetCapture4
                0x00000000       0x1c ..\obj\stm32f10x_tim.o
 .text.TIM_GetCounter
                0x00000000       0x18 ..\obj\stm32f10x_tim.o
 .text.TIM_GetPrescaler
                0x00000000       0x18 ..\obj\stm32f10x_tim.o
 .text.TIM_GetFlagStatus
                0x00000000       0x38 ..\obj\stm32f10x_tim.o
 .text.TIM_ClearFlag
                0x00000000       0x20 ..\obj\stm32f10x_tim.o
 .text.TIM_GetITStatus
                0x00000000       0x54 ..\obj\stm32f10x_tim.o
 .text.TIM_ClearITPendingBit
                0x00000000       0x20 ..\obj\stm32f10x_tim.o
 .text.TI1_Config
                0x00000000       0xe0 ..\obj\stm32f10x_tim.o
 .text.TI2_Config
                0x00000000       0xf4 ..\obj\stm32f10x_tim.o
 .text.TI3_Config
                0x00000000       0xec ..\obj\stm32f10x_tim.o
 .text.TI4_Config
                0x00000000       0xf8 ..\obj\stm32f10x_tim.o
 .text          0x00000000        0x0 ..\obj\system_stm32f10x.o
 .data          0x00000000       0x14 ..\obj\system_stm32f10x.o
 .bss           0x00000000        0x0 ..\obj\system_stm32f10x.o
 .text.SystemCoreClockUpdate
                0x00000000       0xd8 ..\obj\system_stm32f10x.o
 .text          0x00000000        0x0 ..\obj\startup_stm32f10x_md.o
 .data          0x00000000        0x0 ..\obj\startup_stm32f10x_md.o
 .bss           0x00000000        0x0 ..\obj\startup_stm32f10x_md.o
 .text          0x00000000        0x0 ..\obj\stm32f10x_can.o
 .data          0x00000000        0x0 ..\obj\stm32f10x_can.o
 .bss           0x00000000        0x0 ..\obj\stm32f10x_can.o
 .text.CAN_StructInit
                0x00000000       0x54 ..\obj\stm32f10x_can.o
 .text.CAN_SlaveStartBank
                0x00000000       0x60 ..\obj\stm32f10x_can.o
 .text.CAN_DBGFreeze
                0x00000000       0x38 ..\obj\stm32f10x_can.o
 .text.CAN_TTComModeCmd
                0x00000000       0x98 ..\obj\stm32f10x_can.o
 .text.CAN_TransmitStatus
                0x00000000       0xd4 ..\obj\stm32f10x_can.o
 .text.CAN_CancelTransmit
                0x00000000       0x50 ..\obj\stm32f10x_can.o
 .text.CAN_FIFORelease
                0x00000000       0x38 ..\obj\stm32f10x_can.o
 .text.CAN_MessagePending
                0x00000000       0x48 ..\obj\stm32f10x_can.o
 .text.CAN_OperatingModeRequest
                0x00000000       0xfc ..\obj\stm32f10x_can.o
 .text.CAN_Sleep
                0x00000000       0x38 ..\obj\stm32f10x_can.o
 .text.CAN_WakeUp
                0x00000000       0x54 ..\obj\stm32f10x_can.o
 .text.CAN_GetLastErrorCode
                0x00000000       0x24 ..\obj\stm32f10x_can.o
 .text.CAN_GetReceiveErrorCounter
                0x00000000       0x24 ..\obj\stm32f10x_can.o
 .text.CAN_GetLSBTransmitErrorCounter
                0x00000000       0x24 ..\obj\stm32f10x_can.o
 .text.CAN_ClearFlag
                0x00000000       0x70 ..\obj\stm32f10x_can.o
 .text.CAN_GetITStatus
                0x00000000      0x194 ..\obj\stm32f10x_can.o
 .text.CAN_ClearITPendingBit
                0x00000000       0xdc ..\obj\stm32f10x_can.o
 .text.CheckITStatus
                0x00000000       0x30 ..\obj\stm32f10x_can.o
 .text          0x00000000        0x0 ..\obj\stm32f10x_gpio.o
 .data          0x00000000        0x0 ..\obj\stm32f10x_gpio.o
 .bss           0x00000000        0x0 ..\obj\stm32f10x_gpio.o
 .text.GPIO_DeInit
                0x00000000       0xe4 ..\obj\stm32f10x_gpio.o
 .text.GPIO_AFIODeInit
                0x00000000       0x18 ..\obj\stm32f10x_gpio.o
 .text.GPIO_StructInit
                0x00000000       0x28 ..\obj\stm32f10x_gpio.o
 .text.GPIO_ReadInputDataBit
                0x00000000       0x34 ..\obj\stm32f10x_gpio.o
 .text.GPIO_ReadInputData
                0x00000000       0x18 ..\obj\stm32f10x_gpio.o
 .text.GPIO_ReadOutputDataBit
                0x00000000       0x34 ..\obj\stm32f10x_gpio.o
 .text.GPIO_ReadOutputData
                0x00000000       0x18 ..\obj\stm32f10x_gpio.o
 .text.GPIO_SetBits
                0x00000000       0x1c ..\obj\stm32f10x_gpio.o
 .text.GPIO_ResetBits
                0x00000000       0x1c ..\obj\stm32f10x_gpio.o
 .text.GPIO_WriteBit
                0x00000000       0x30 ..\obj\stm32f10x_gpio.o
 .text.GPIO_Write
                0x00000000       0x1c ..\obj\stm32f10x_gpio.o
 .text.GPIO_PinLockConfig
                0x00000000       0x44 ..\obj\stm32f10x_gpio.o
 .text.GPIO_EventOutputConfig
                0x00000000       0x4c ..\obj\stm32f10x_gpio.o
 .text.GPIO_EventOutputCmd
                0x00000000       0x20 ..\obj\stm32f10x_gpio.o
 .text.GPIO_EXTILineConfig
                0x00000000       0x84 ..\obj\stm32f10x_gpio.o
 .text.GPIO_ETH_MediaInterfaceConfig
                0x00000000       0x1c ..\obj\stm32f10x_gpio.o
 .text          0x00000000        0x0 ..\obj\main.o
 .text          0x00000000        0x0 ..\obj\manip.o
 .data          0x00000000       0x18 ..\obj\manip.o
 .bss           0x00000000       0x5c ..\obj\manip.o
 .text.Hent_SettPunkt
                0x00000000      0x23c ..\obj\manip.o
 .text.GPIO_Oppstart_Enkoder
                0x00000000       0x58 ..\obj\manip.o
 .text.Manip_Oppstart
                0x00000000        0xc ..\obj\manip.o
 .text.Les_Enkodere
                0x00000000       0xfc ..\obj\manip.o
 .text.Manip_Reguler
                0x00000000      0x3d8 ..\obj\manip.o
 .text.Manip_Teleskop
                0x00000000       0x6c ..\obj\manip.o
 .text.Manip_Hent_Strom
                0x00000000       0x80 ..\obj\manip.o
 .text.Manip_Kontroller_Oppdater
                0x00000000       0x18 ..\obj\manip.o
 .text.Manip_Grip_F
                0x00000000       0xe4 ..\obj\manip.o
 .debug_info    0x00000000      0x695 ..\obj\manip.o
 .debug_abbrev  0x00000000      0x17a ..\obj\manip.o
 .debug_aranges
                0x00000000       0x60 ..\obj\manip.o
 .debug_ranges  0x00000000       0x50 ..\obj\manip.o
 .debug_line    0x00000000      0x3ed ..\obj\manip.o
 .debug_str     0x00000000      0x632 ..\obj\manip.o
 .comment       0x00000000       0x6f ..\obj\manip.o
 .debug_frame   0x00000000      0x128 ..\obj\manip.o
 .ARM.attributes
                0x00000000       0x33 ..\obj\manip.o
 .text          0x00000000        0x0 ..\obj\printf.o
 .data          0x00000000      0x42c ..\obj\printf.o
 .bss           0x00000000        0x0 ..\obj\printf.o
 .text.PrintChar
                0x00000000       0x14 ..\obj\printf.o
 .text.PutChar  0x00000000       0x20 ..\obj\printf.o
 .text.PutString
                0x00000000       0x3c ..\obj\printf.o
 .text.PutUnsignedInt
                0x00000000       0x9c ..\obj\printf.o
 .text.PutSignedInt
                0x00000000       0xf8 ..\obj\printf.o
 .text.PutHexa  0x00000000       0xd4 ..\obj\printf.o
 .text.vsnprintf
                0x00000000      0x254 ..\obj\printf.o
 .text.snprintf
                0x00000000       0x30 ..\obj\printf.o
 .text.vsprintf
                0x00000000       0x24 ..\obj\printf.o
 .rodata        0x00000000       0x24 ..\obj\printf.o
 .text.vfprintf
                0x00000000       0x68 ..\obj\printf.o
 .text.vprintf  0x00000000       0x28 ..\obj\printf.o
 .text.fprintf  0x00000000       0x2c ..\obj\printf.o
 .text.printf   0x00000000       0x28 ..\obj\printf.o
 .text.sprintf  0x00000000       0x2c ..\obj\printf.o
 .text.puts     0x00000000       0x24 ..\obj\printf.o
 .text.fputc    0x00000000       0x40 ..\obj\printf.o
 .text.fputs    0x00000000       0x48 ..\obj\printf.o
 .debug_info    0x00000000      0xe3f ..\obj\printf.o
 .debug_abbrev  0x00000000      0x27e ..\obj\printf.o
 .debug_aranges
                0x00000000       0xa0 ..\obj\printf.o
 .debug_ranges  0x00000000       0x90 ..\obj\printf.o
 .debug_line    0x00000000      0x384 ..\obj\printf.o
 .debug_str     0x00000000      0x68e ..\obj\printf.o
 .comment       0x00000000       0x6f ..\obj\printf.o
 .debug_frame   0x00000000      0x2dc ..\obj\printf.o
 .ARM.attributes
                0x00000000       0x33 ..\obj\printf.o
 .text          0x00000000        0x0 ..\obj\stm32f10x_rcc.o
 .data          0x00000000       0x14 ..\obj\stm32f10x_rcc.o
 .bss           0x00000000        0x0 ..\obj\stm32f10x_rcc.o
 .text.RCC_DeInit
                0x00000000       0x5c ..\obj\stm32f10x_rcc.o
 .text.RCC_HSEConfig
                0x00000000       0x5c ..\obj\stm32f10x_rcc.o
 .text.RCC_WaitForHSEStartUp
                0x00000000       0x50 ..\obj\stm32f10x_rcc.o
 .text.RCC_AdjustHSICalibrationValue
                0x00000000       0x3c ..\obj\stm32f10x_rcc.o
 .text.RCC_HSICmd
                0x00000000       0x20 ..\obj\stm32f10x_rcc.o
 .text.RCC_PLLConfig
                0x00000000       0x3c ..\obj\stm32f10x_rcc.o
 .text.RCC_PLLCmd
                0x00000000       0x20 ..\obj\stm32f10x_rcc.o
 .text.RCC_SYSCLKConfig
                0x00000000       0x38 ..\obj\stm32f10x_rcc.o
 .text.RCC_GetSYSCLKSource
                0x00000000       0x1c ..\obj\stm32f10x_rcc.o
 .text.RCC_HCLKConfig
                0x00000000       0x38 ..\obj\stm32f10x_rcc.o
 .text.RCC_PCLK1Config
                0x00000000       0x38 ..\obj\stm32f10x_rcc.o
 .text.RCC_PCLK2Config
                0x00000000       0x38 ..\obj\stm32f10x_rcc.o
 .text.RCC_ITConfig
                0x00000000       0x4c ..\obj\stm32f10x_rcc.o
 .text.RCC_USBCLKConfig
                0x00000000       0x1c ..\obj\stm32f10x_rcc.o
 .text.RCC_ADCCLKConfig
                0x00000000       0x38 ..\obj\stm32f10x_rcc.o
 .text.RCC_LSEConfig
                0x00000000       0x40 ..\obj\stm32f10x_rcc.o
 .text.RCC_LSICmd
                0x00000000       0x20 ..\obj\stm32f10x_rcc.o
 .text.RCC_RTCCLKConfig
                0x00000000       0x24 ..\obj\stm32f10x_rcc.o
 .text.RCC_RTCCLKCmd
                0x00000000       0x20 ..\obj\stm32f10x_rcc.o
 .text.RCC_GetClocksFreq
                0x00000000      0x160 ..\obj\stm32f10x_rcc.o
 .text.RCC_AHBPeriphClockCmd
                0x00000000       0x3c ..\obj\stm32f10x_rcc.o
 .text.RCC_APB2PeriphResetCmd
                0x00000000       0x3c ..\obj\stm32f10x_rcc.o
 .text.RCC_BackupResetCmd
                0x00000000       0x20 ..\obj\stm32f10x_rcc.o
 .text.RCC_ClockSecuritySystemCmd
                0x00000000       0x20 ..\obj\stm32f10x_rcc.o
 .text.RCC_MCOConfig
                0x00000000       0x20 ..\obj\stm32f10x_rcc.o
 .text.RCC_GetFlagStatus
                0x00000000       0x74 ..\obj\stm32f10x_rcc.o
 .text.RCC_ClearFlag
                0x00000000       0x1c ..\obj\stm32f10x_rcc.o
 .text.RCC_GetITStatus
                0x00000000       0x34 ..\obj\stm32f10x_rcc.o
 .text.RCC_ClearITPendingBit
                0x00000000       0x20 ..\obj\stm32f10x_rcc.o
 .text          0x00000000        0x0 ..\obj\POWR_rov2016_Interface.o
 .data          0x00000000        0x2 ..\obj\POWR_rov2016_Interface.o
 .text.CAN_transmit_AN_RAW
                0x00000000       0x9c ..\obj\POWR_rov2016_Interface.o
 .text.CAN_transmitAcceleration
                0x00000000       0x20 ..\obj\POWR_rov2016_Interface.o
 .text.CAN_transmitQuaternions
                0x00000000       0x90 ..\obj\POWR_rov2016_Interface.o
 .text.CAN_transmitAHRS
                0x00000000       0x90 ..\obj\POWR_rov2016_Interface.o
 .text.CAN_transmitDepthTemp
                0x00000000       0x68 ..\obj\POWR_rov2016_Interface.o
 .text.VESC_setDutyCycle
                0x00000000       0x88 ..\obj\POWR_rov2016_Interface.o
 .text.Interface_readController
                0x00000000      0x160 ..\obj\POWR_rov2016_Interface.o
 .text.Interface_transmitManualThrust
                0x00000000      0x660 ..\obj\POWR_rov2016_Interface.o
 .text.Interface_transmitOneThruster
                0x00000000       0xbc ..\obj\POWR_rov2016_Interface.o
 .text.Interface_VESC_requestData
                0x00000000       0x28 ..\obj\POWR_rov2016_Interface.o
 .text.Interface_VESC_getInt32
                0x00000000       0x74 ..\obj\POWR_rov2016_Interface.o
 .text.Interface_VESC_requestTemperature
                0x00000000       0x34 ..\obj\POWR_rov2016_Interface.o
 .text.Interface_VESC_requestRPM
                0x00000000       0x34 ..\obj\POWR_rov2016_Interface.o
 .text          0x00000000        0x0 ..\obj\POWR_Canbus.o
 .data          0x00000000        0x0 ..\obj\POWR_Canbus.o
 .text.CAN_getRxMessages
                0x00000000       0x14 ..\obj\POWR_Canbus.o
 .text.CAN_getMessagePointer
                0x00000000       0x20 ..\obj\POWR_Canbus.o
 .text.CAN_getByteFromMessage
                0x00000000       0x2c ..\obj\POWR_Canbus.o
 .text.CAN_transmitBuffer
                0x00000000       0xd4 ..\obj\POWR_Canbus.o
 .text.CAN_transmitByte_EID
                0x00000000       0x7c ..\obj\POWR_Canbus.o
 .data          0x00000000        0x0 ..\obj\sh_cmd.o
 .bss           0x00000000        0x0 ..\obj\sh_cmd.o
 .text          0x00000000        0x0 ..\obj\POWR_Switch.o
 .data          0x00000000        0x0 ..\obj\POWR_Switch.o
 .text          0x00000000        0x0 ..\obj\POWR_SysTick.o
 .data          0x00000000        0x0 ..\obj\POWR_SysTick.o
 .text          0x00000000        0x0 ..\obj\misc.o
 .data          0x00000000        0x0 ..\obj\misc.o
 .bss           0x00000000        0x0 ..\obj\misc.o
 .text.NVIC_PriorityGroupConfig
                0x00000000       0x24 ..\obj\misc.o
 .text.NVIC_SetVectorTable
                0x00000000       0x2c ..\obj\misc.o
 .text.NVIC_SystemLPConfig
                0x00000000       0x40 ..\obj\misc.o
 .text.SysTick_CLKSourceConfig
                0x00000000       0x38 ..\obj\misc.o
 .text          0x00000000        0x0 ..\obj\stm32f10x_spi.o
 .data          0x00000000        0x0 ..\obj\stm32f10x_spi.o
 .bss           0x00000000        0x0 ..\obj\stm32f10x_spi.o
 .text.SPI_I2S_DeInit
                0x00000000       0x74 ..\obj\stm32f10x_spi.o
 .text.SPI_Init
                0x00000000       0x88 ..\obj\stm32f10x_spi.o
 .text.I2S_Init
                0x00000000      0x168 ..\obj\stm32f10x_spi.o
 .text.SPI_StructInit
                0x00000000       0x48 ..\obj\stm32f10x_spi.o
 .text.I2S_StructInit
                0x00000000       0x38 ..\obj\stm32f10x_spi.o
 .text.SPI_Cmd  0x00000000       0x40 ..\obj\stm32f10x_spi.o
 .text.I2S_Cmd  0x00000000       0x40 ..\obj\stm32f10x_spi.o
 .text.SPI_I2S_ITConfig
                0x00000000       0x60 ..\obj\stm32f10x_spi.o
 .text.SPI_I2S_DMACmd
                0x00000000       0x48 ..\obj\stm32f10x_spi.o
 .text.SPI_I2S_SendData
                0x00000000       0x1c ..\obj\stm32f10x_spi.o
 .text.SPI_I2S_ReceiveData
                0x00000000       0x18 ..\obj\stm32f10x_spi.o
 .text.SPI_NSSInternalSoftwareConfig
                0x00000000       0x44 ..\obj\stm32f10x_spi.o
 .text.SPI_SSOutputCmd
                0x00000000       0x40 ..\obj\stm32f10x_spi.o
 .text.SPI_DataSizeConfig
                0x00000000       0x38 ..\obj\stm32f10x_spi.o
 .text.SPI_TransmitCRC
                0x00000000       0x24 ..\obj\stm32f10x_spi.o
 .text.SPI_CalculateCRC
                0x00000000       0x40 ..\obj\stm32f10x_spi.o
 .text.SPI_GetCRC
                0x00000000       0x30 ..\obj\stm32f10x_spi.o
 .text.SPI_GetCRCPolynomial
                0x00000000       0x18 ..\obj\stm32f10x_spi.o
 .text.SPI_BiDirectionalLineConfig
                0x00000000       0x40 ..\obj\stm32f10x_spi.o
 .text.SPI_I2S_GetFlagStatus
                0x00000000       0x38 ..\obj\stm32f10x_spi.o
 .text.SPI_I2S_ClearFlag
                0x00000000       0x20 ..\obj\stm32f10x_spi.o
 .text.SPI_I2S_GetITStatus
                0x00000000       0x74 ..\obj\stm32f10x_spi.o
 .text.SPI_I2S_ClearITPendingBit
                0x00000000       0x34 ..\obj\stm32f10x_spi.o
 .debug_info    0x00000000      0x8fb ..\obj\stm32f10x_spi.o
 .debug_abbrev  0x00000000      0x180 ..\obj\stm32f10x_spi.o
 .debug_aranges
                0x00000000       0xd0 ..\obj\stm32f10x_spi.o
 .debug_ranges  0x00000000       0xc0 ..\obj\stm32f10x_spi.o
 .debug_line    0x00000000      0x475 ..\obj\stm32f10x_spi.o
 .debug_str     0x00000000      0x616 ..\obj\stm32f10x_spi.o
 .comment       0x00000000       0x6f ..\obj\stm32f10x_spi.o
 .debug_frame   0x00000000      0x3a0 ..\obj\stm32f10x_spi.o
 .ARM.attributes
                0x00000000       0x33 ..\obj\stm32f10x_spi.o
 .text          0x00000000        0x0 ..\obj\POWR_Cam_Control.o
 .data          0x00000000        0x0 ..\obj\POWR_Cam_Control.o
 .bss           0x00000000        0x0 ..\obj\POWR_Cam_Control.o
 .text.Cam_Control_Init
                0x00000000       0xa4 ..\obj\POWR_Cam_Control.o
 .text.setCAM_POS
                0x00000000       0x28 ..\obj\POWR_Cam_Control.o
 .debug_info    0x00000000      0x549 ..\obj\POWR_Cam_Control.o
 .debug_abbrev  0x00000000      0x109 ..\obj\POWR_Cam_Control.o
 .debug_aranges
                0x00000000       0x28 ..\obj\POWR_Cam_Control.o
 .debug_ranges  0x00000000       0x18 ..\obj\POWR_Cam_Control.o
 .debug_line    0x00000000      0x26f ..\obj\POWR_Cam_Control.o
 .debug_str     0x00000000      0x538 ..\obj\POWR_Cam_Control.o
 .comment       0x00000000       0x6f ..\obj\POWR_Cam_Control.o
 .debug_frame   0x00000000       0x54 ..\obj\POWR_Cam_Control.o
 .ARM.attributes
                0x00000000       0x33 ..\obj\POWR_Cam_Control.o
 .text          0x00000000      0x370 c:/program files (x86)/gnu tools arm embedded/5.2 2015q4/bin/../lib/gcc/arm-none-eabi/5.2.1/armv7-m\libgcc.a(_arm_addsubdf3.o)
 .data          0x00000000        0x0 c:/program files (x86)/gnu tools arm embedded/5.2 2015q4/bin/../lib/gcc/arm-none-eabi/5.2.1/armv7-m\libgcc.a(_arm_addsubdf3.o)
 .bss           0x00000000        0x0 c:/program files (x86)/gnu tools arm embedded/5.2 2015q4/bin/../lib/gcc/arm-none-eabi/5.2.1/armv7-m\libgcc.a(_arm_addsubdf3.o)
 .ARM.attributes
                0x00000000       0x1d c:/program files (x86)/gnu tools arm embedded/5.2 2015q4/bin/../lib/gcc/arm-none-eabi/5.2.1/armv7-m\libgcc.a(_arm_addsubdf3.o)
 .text          0x00000000      0x424 c:/program files (x86)/gnu tools arm embedded/5.2 2015q4/bin/../lib/gcc/arm-none-eabi/5.2.1/armv7-m\libgcc.a(_arm_muldivdf3.o)
 .data          0x00000000        0x0 c:/program files (x86)/gnu tools arm embedded/5.2 2015q4/bin/../lib/gcc/arm-none-eabi/5.2.1/armv7-m\libgcc.a(_arm_muldivdf3.o)
 .bss           0x00000000        0x0 c:/program files (x86)/gnu tools arm embedded/5.2 2015q4/bin/../lib/gcc/arm-none-eabi/5.2.1/armv7-m\libgcc.a(_arm_muldivdf3.o)
 .ARM.attributes
                0x00000000       0x1d c:/program files (x86)/gnu tools arm embedded/5.2 2015q4/bin/../lib/gcc/arm-none-eabi/5.2.1/armv7-m\libgcc.a(_arm_muldivdf3.o)
 .text          0x00000000       0xa0 c:/program files (x86)/gnu tools arm embedded/5.2 2015q4/bin/../lib/gcc/arm-none-eabi/5.2.1/armv7-m\libgcc.a(_arm_truncdfsf2.o)
 .data          0x00000000        0x0 c:/program files (x86)/gnu tools arm embedded/5.2 2015q4/bin/../lib/gcc/arm-none-eabi/5.2.1/armv7-m\libgcc.a(_arm_truncdfsf2.o)
 .bss           0x00000000        0x0 c:/program files (x86)/gnu tools arm embedded/5.2 2015q4/bin/../lib/gcc/arm-none-eabi/5.2.1/armv7-m\libgcc.a(_arm_truncdfsf2.o)
 .ARM.attributes
                0x00000000       0x1d c:/program files (x86)/gnu tools arm embedded/5.2 2015q4/bin/../lib/gcc/arm-none-eabi/5.2.1/armv7-m\libgcc.a(_arm_truncdfsf2.o)
 .text          0x00000000      0x21c c:/program files (x86)/gnu tools arm embedded/5.2 2015q4/bin/../lib/gcc/arm-none-eabi/5.2.1/armv7-m\libgcc.a(_arm_addsubsf3.o)
 .data          0x00000000        0x0 c:/program files (x86)/gnu tools arm embedded/5.2 2015q4/bin/../lib/gcc/arm-none-eabi/5.2.1/armv7-m\libgcc.a(_arm_addsubsf3.o)
 .bss           0x00000000        0x0 c:/program files (x86)/gnu tools arm embedded/5.2 2015q4/bin/../lib/gcc/arm-none-eabi/5.2.1/armv7-m\libgcc.a(_arm_addsubsf3.o)
 .ARM.attributes
                0x00000000       0x1d c:/program files (x86)/gnu tools arm embedded/5.2 2015q4/bin/../lib/gcc/arm-none-eabi/5.2.1/armv7-m\libgcc.a(_arm_addsubsf3.o)
 .text          0x00000000      0x2a0 c:/program files (x86)/gnu tools arm embedded/5.2 2015q4/bin/../lib/gcc/arm-none-eabi/5.2.1/armv7-m\libgcc.a(_arm_muldivsf3.o)
 .data          0x00000000        0x0 c:/program files (x86)/gnu tools arm embedded/5.2 2015q4/bin/../lib/gcc/arm-none-eabi/5.2.1/armv7-m\libgcc.a(_arm_muldivsf3.o)
 .bss           0x00000000        0x0 c:/program files (x86)/gnu tools arm embedded/5.2 2015q4/bin/../lib/gcc/arm-none-eabi/5.2.1/armv7-m\libgcc.a(_arm_muldivsf3.o)
 .ARM.attributes
                0x00000000       0x1d c:/program files (x86)/gnu tools arm embedded/5.2 2015q4/bin/../lib/gcc/arm-none-eabi/5.2.1/armv7-m\libgcc.a(_arm_muldivsf3.o)
 .text          0x00000000       0xec c:/program files (x86)/gnu tools arm embedded/5.2 2015q4/bin/../lib/gcc/arm-none-eabi/5.2.1/armv7-m\libgcc.a(_arm_cmpsf2.o)
 .data          0x00000000        0x0 c:/program files (x86)/gnu tools arm embedded/5.2 2015q4/bin/../lib/gcc/arm-none-eabi/5.2.1/armv7-m\libgcc.a(_arm_cmpsf2.o)
 .bss           0x00000000        0x0 c:/program files (x86)/gnu tools arm embedded/5.2 2015q4/bin/../lib/gcc/arm-none-eabi/5.2.1/armv7-m\libgcc.a(_arm_cmpsf2.o)
 .ARM.attributes
                0x00000000       0x1d c:/program files (x86)/gnu tools arm embedded/5.2 2015q4/bin/../lib/gcc/arm-none-eabi/5.2.1/armv7-m\libgcc.a(_arm_cmpsf2.o)
 .text          0x00000000       0x4c c:/program files (x86)/gnu tools arm embedded/5.2 2015q4/bin/../lib/gcc/arm-none-eabi/5.2.1/armv7-m\libgcc.a(_arm_fixsfsi.o)
 .data          0x00000000        0x0 c:/program files (x86)/gnu tools arm embedded/5.2 2015q4/bin/../lib/gcc/arm-none-eabi/5.2.1/armv7-m\libgcc.a(_arm_fixsfsi.o)
 .bss           0x00000000        0x0 c:/program files (x86)/gnu tools arm embedded/5.2 2015q4/bin/../lib/gcc/arm-none-eabi/5.2.1/armv7-m\libgcc.a(_arm_fixsfsi.o)
 .ARM.attributes
                0x00000000       0x1d c:/program files (x86)/gnu tools arm embedded/5.2 2015q4/bin/../lib/gcc/arm-none-eabi/5.2.1/armv7-m\libgcc.a(_arm_fixsfsi.o)

Memory Configuration

Name             Origin             Length             Attributes
rom              0x08000000         0x00010000         xr
ram              0x20000000         0x00005000         xrw
*default*        0x00000000         0xffffffff

Linker script and memory map

                0x20005000                _eram = 0x20005000

.text           0x08000000     0x1738
 *(.isr_vector)
 .isr_vector    0x08000000      0x10c ..\obj\startup_stm32f10x_md.o
                0x08000000                g_pfnVectors
 *(.text*)
 .text.TIM_TimeBaseInit
                0x0800010c       0xf8 ..\obj\stm32f10x_tim.o
                0x0800010c                TIM_TimeBaseInit
 .text.TIM_OC3Init
                0x08000204      0x10c ..\obj\stm32f10x_tim.o
                0x08000204                TIM_OC3Init
 .text.TIM_Cmd  0x08000310       0x40 ..\obj\stm32f10x_tim.o
                0x08000310                TIM_Cmd
 .text.TIM_ARRPreloadConfig
                0x08000350       0x40 ..\obj\stm32f10x_tim.o
                0x08000350                TIM_ARRPreloadConfig
 .text.TIM_OC3PreloadConfig
                0x08000390       0x38 ..\obj\stm32f10x_tim.o
                0x08000390                TIM_OC3PreloadConfig
 .text.SystemInit
                0x080003c8       0x68 ..\obj\system_stm32f10x.o
                0x080003c8                SystemInit
 .text.SetSysClock
                0x08000430        0xc ..\obj\system_stm32f10x.o
 .text.SetSysClockTo72
                0x0800043c      0x100 ..\obj\system_stm32f10x.o
 .text.Default_Reset_Handler
                0x0800053c       0x60 ..\obj\startup_stm32f10x_md.o
                0x0800053c                Default_Reset_Handler
                0x0800053c                Reset_Handler
 .text.Default_Handler
                0x0800059c        0x8 ..\obj\startup_stm32f10x_md.o
                0x0800059c                EXTI2_IRQHandler
                0x0800059c                DebugMon_Handler
                0x0800059c                TIM1_CC_IRQHandler
                0x0800059c                PVD_IRQHandler
                0x0800059c                PendSV_Handler
                0x0800059c                NMI_Handler
                0x0800059c                EXTI3_IRQHandler
                0x0800059c                EXTI0_IRQHandler
                0x0800059c                I2C2_EV_IRQHandler
                0x0800059c                UsageFault_Handler
                0x0800059c                ADC1_2_IRQHandler
                0x0800059c                SPI1_IRQHandler
                0x0800059c                TAMPER_IRQHandler
                0x0800059c                DMA1_Channel4_IRQHandler
                0x0800059c                USART3_IRQHandler
                0x0800059c                RTC_IRQHandler
                0x0800059c                DMA1_Channel7_IRQHandler
                0x0800059c                TIM4_IRQHandler
                0x0800059c                I2C1_EV_IRQHandler
                0x0800059c                DMA1_Channel6_IRQHandler
                0x0800059c                TIM3_IRQHandler
                0x0800059c                RCC_IRQHandler
                0x0800059c                TIM1_TRG_COM_IRQHandler
                0x0800059c                DMA1_Channel1_IRQHandler
                0x0800059c                EXTI15_10_IRQHandler
                0x0800059c                EXTI9_5_IRQHandler
                0x0800059c                SPI2_IRQHandler
                0x0800059c                MemManage_Handler
                0x0800059c                SVC_Handler
                0x0800059c                DMA1_Channel5_IRQHandler
                0x0800059c                EXTI4_IRQHandler
                0x0800059c                USB_LP_CAN1_RX0_IRQHandler
                0x0800059c                USB_HP_CAN1_TX_IRQHandler
                0x0800059c                DMA1_Channel3_IRQHandler
                0x0800059c                TIM1_UP_IRQHandler
                0x0800059c                WWDG_IRQHandler
                0x0800059c                TIM2_IRQHandler
                0x0800059c                TIM1_BRK_IRQHandler
                0x0800059c                EXTI1_IRQHandler
                0x0800059c                RTCAlarm_IRQHandler
                0x0800059c                USART2_IRQHandler
                0x0800059c                I2C2_ER_IRQHandler
                0x0800059c                DMA1_Channel2_IRQHandler
                0x0800059c                CAN1_SCE_IRQHandler
                0x0800059c                FLASH_IRQHandler
                0x0800059c                BusFault_Handler
                0x0800059c                USART1_IRQHandler
                0x0800059c                I2C1_ER_IRQHandler
                0x0800059c                USBWakeUp_IRQHandler
 .text.CAN_DeInit
                0x080005a4       0x48 ..\obj\stm32f10x_can.o
                0x080005a4                CAN_DeInit
 .text.CAN_Init
                0x080005ec      0x1a0 ..\obj\stm32f10x_can.o
                0x080005ec                CAN_Init
 .text.CAN_FilterInit
                0x0800078c      0x174 ..\obj\stm32f10x_can.o
                0x0800078c                CAN_FilterInit
 .text.CAN_Transmit
                0x08000900      0x194 ..\obj\stm32f10x_can.o
                0x08000900                CAN_Transmit
 .text.CAN_Receive
                0x08000a94      0x174 ..\obj\stm32f10x_can.o
                0x08000a94                CAN_Receive
 .text.CAN_ITConfig
                0x08000c08       0x3c ..\obj\stm32f10x_can.o
                0x08000c08                CAN_ITConfig
 .text.CAN_GetFlagStatus
                0x08000c44       0xcc ..\obj\stm32f10x_can.o
                0x08000c44                CAN_GetFlagStatus
 .text.GPIO_Init
                0x08000d10      0x178 ..\obj\stm32f10x_gpio.o
                0x08000d10                GPIO_Init
 .text.GPIO_PinRemapConfig
                0x08000e88       0xe0 ..\obj\stm32f10x_gpio.o
                0x08000e88                GPIO_PinRemapConfig
 .text.main     0x08000f68       0x88 ..\obj\main.o
                0x08000f68                main
 .text.RCC_APB2PeriphClockCmd
                0x08000ff0       0x3c ..\obj\stm32f10x_rcc.o
                0x08000ff0                RCC_APB2PeriphClockCmd
 .text.RCC_APB1PeriphClockCmd
                0x0800102c       0x3c ..\obj\stm32f10x_rcc.o
                0x0800102c                RCC_APB1PeriphClockCmd
 .text.RCC_APB1PeriphResetCmd
                0x08001068       0x3c ..\obj\stm32f10x_rcc.o
                0x08001068                RCC_APB1PeriphResetCmd
 .text.CAN_transmitAlive
                0x080010a4       0x34 ..\obj\POWR_rov2016_Interface.o
                0x080010a4                CAN_transmitAlive
 .text.CAN_init
                0x080010d8      0x118 ..\obj\POWR_Canbus.o
                0x080010d8                CAN_init
 .text.CAN1_RX1_IRQHandler
                0x080011f0       0x70 ..\obj\POWR_Canbus.o
                0x080011f0                CAN1_RX1_IRQHandler
 .text.CAN_addRxFilter
                0x08001260       0xac ..\obj\POWR_Canbus.o
                0x08001260                CAN_addRxFilter
 .text.CAN_transmitByte
                0x0800130c       0x80 ..\obj\POWR_Canbus.o
                0x0800130c                CAN_transmitByte
 .text          0x0800138c       0x26 ..\obj\sh_cmd.o
                0x0800138c                SH_DoCommand
                0x0800139e                HardFault_Handler
 *fill*         0x080013b2        0x2 
 .text.initReleStyring
                0x080013b4       0x44 ..\obj\POWR_Switch.o
                0x080013b4                initReleStyring
 .text.init_TIM4
                0x080013f8       0x90 ..\obj\POWR_Switch.o
                0x080013f8                init_TIM4
 .text.setPOWR_UPDATE
                0x08001488       0xd4 ..\obj\POWR_Switch.o
                0x08001488                setPOWR_UPDATE
 .text.SysTick_init
                0x0800155c       0x2c ..\obj\POWR_SysTick.o
                0x0800155c                SysTick_init
 .text.SysTick_Handler
                0x08001588       0xec ..\obj\POWR_SysTick.o
                0x08001588                SysTick_Handler
 .text.NVIC_Init
                0x08001674       0xc4 ..\obj\misc.o
                0x08001674                NVIC_Init
 *(.init)
 *(.fini)
 *crtbegin.o(.ctors)
 *crtbegin?.o(.ctors)
 *(EXCLUDE_FILE(*crtend.o *crtend?.o) .ctors)
 *(SORT(.ctors.*))
 *(.ctors)
 *crtbegin.o(.dtors)
 *crtbegin?.o(.dtors)
 *(EXCLUDE_FILE(*crtend.o *crtend?.o) .dtors)
 *(SORT(.dtors.*))
 *(.dtors)
 *(.rodata*)
 *(.eh_fram e*)

.glue_7         0x08001738        0x0
 .glue_7        0x08001738        0x0 linker stubs

.glue_7t        0x08001738        0x0
 .glue_7t       0x08001738        0x0 linker stubs

.vfp11_veneer   0x08001738        0x0
 .vfp11_veneer  0x08001738        0x0 linker stubs

.v4_bx          0x08001738        0x0
 .v4_bx         0x08001738        0x0 linker stubs

.iplt           0x08001738        0x0
 .iplt          0x08001738        0x0 ..\obj\POWR_Current.o

.rel.dyn        0x08001738        0x0
 .rel.iplt      0x08001738        0x0 ..\obj\POWR_Current.o

.ARM.extab
 *(.ARM.extab* .gnu.linkonce.armextab.*)
                0x08001738                __exidx_start = .

.ARM.exidx
 *(.ARM.exidx* .gnu.linkonce.armexidx.*)
                0x08001738                __exidx_end = .
                0x08001738                __etext = .
                0x08001738                _sidata = __etext

.data           0x20000000        0x4 load address 0x08001738
                0x20000000                __data_start__ = .
                0x20000000                _sdata = __data_start__
 *(vtable)
 *(.data*)
 .data          0x20000000        0x1 ..\obj\main.o
                0x20000000                message
                0x20000004                . = ALIGN (0x4)
 *fill*         0x20000001        0x3 
                [!provide]                PROVIDE (__preinit_array_start, .)
 *(.preinit_array)
                [!provide]                PROVIDE (__preinit_array_end, .)
                0x20000004                . = ALIGN (0x4)
                [!provide]                PROVIDE (__init_array_start, .)
 *(SORT(.init_array.*))
 *(.init_array)
                [!provide]                PROVIDE (__init_array_end, .)
                0x20000004                . = ALIGN (0x4)
                [!provide]                PROVIDE (__fini_array_start, .)
 *(SORT(.fini_array.*))
 *(.fini_array)
                [!provide]                PROVIDE (__fini_array_end, .)
 *(.jcr*)
                0x20000004                . = ALIGN (0x4)
                0x20000004                __data_end__ = .
                0x20000004                _edata = __data_end__

.igot.plt       0x20000004        0x0 load address 0x0800173c
 .igot.plt      0x20000004        0x0 ..\obj\POWR_Current.o

.bss            0x20000004      0x160 load address 0x0800173c
                0x20000004                . = ALIGN (0x4)
                0x20000004                __bss_start__ = .
                0x20000004                _sbss = __bss_start__
 *(.bss*)
 .bss           0x20000004        0x9 ..\obj\main.o
                0x20000004                fmi_topside_xbox_ctrl
                0x20000005                fmi_topside_xbox_axes
                0x20000006                fmi_topside_powr_ctrl
                0x20000007                fmi_manip_motor_curr_9
                0x20000008                fmi_manip_motor_curr_10
                0x20000009                fmi_manip_motor_curr_11
                0x2000000a                fmi_manip_motor_curr_12
                0x2000000b                fmi_sensor_depth_temp
                0x2000000c                FlagStatus_SysTick
 *fill*         0x2000000d        0x3 
 .bss           0x20000010       0x19 ..\obj\POWR_rov2016_Interface.o
                0x20000010                controller_data
 *fill*         0x20000029        0x3 
 .bss           0x2000002c       0x2b ..\obj\POWR_Canbus.o
 .bss           0x20000057        0x1 ..\obj\POWR_Switch.o
 .bss           0x20000058       0x8c ..\obj\POWR_SysTick.o
                0x20000064                can_receive_buffer
 *(COMMON)
 COMMON         0x200000e4       0x80 ..\obj\POWR_Canbus.o
                0x200000e4                Rx_Array
                0x20000164                . = ALIGN (0x4)
                0x20000164                __bss_end__ = .
                0x20000164                _ebss = __bss_end__

.heap           0x20000164        0x0
                0x20000164                __end__ = .
                0x20000164                _end = __end__
                0x20000164                end = __end__
 *(.heap*)
                0x20000164                __HeapLimit = .

.co_stack       0x20000164      0x404 load address 0x0800189c
                0x20000168                . = ALIGN (0x8)
 *fill*         0x20000164        0x4 
 *(.co_stack .co_stack.*)
 .co_stack      0x20000168      0x400 ..\obj\startup_stm32f10x_md.o
                0x20000168                pulStack
                0x20005000                __StackTop = (ORIGIN (ram) + LENGTH (ram))
                0x20004bfc                __StackLimit = (__StackTop - SIZEOF (.co_stack))
                [!provide]                PROVIDE (__stack, __StackTop)
                0x00000001                ASSERT ((__StackLimit >= __HeapLimit), region ram  overflowed with stack)
LOAD ..\obj\semihosting.o
LOAD ..\obj\POWR_Current.o
LOAD ..\obj\stm32f10x_tim.o
LOAD ..\obj\system_stm32f10x.o
LOAD ..\obj\startup_stm32f10x_md.o
LOAD ..\obj\stm32f10x_can.o
LOAD ..\obj\stm32f10x_gpio.o
LOAD ..\obj\main.o
LOAD ..\obj\manip.o
LOAD ..\obj\printf.o
LOAD ..\obj\stm32f10x_rcc.o
LOAD ..\obj\POWR_rov2016_Interface.o
LOAD ..\obj\POWR_Canbus.o
LOAD ..\obj\sh_cmd.o
LOAD ..\obj\POWR_Switch.o
LOAD ..\obj\POWR_SysTick.o
LOAD ..\obj\misc.o
LOAD ..\obj\stm32f10x_spi.o
LOAD ..\obj\POWR_Cam_Control.o
START GROUP
LOAD c:/program files (x86)/gnu tools arm embedded/5.2 2015q4/bin/../lib/gcc/arm-none-eabi/5.2.1/armv7-m\libgcc.a
LOAD c:/program files (x86)/gnu tools arm embedded/5.2 2015q4/bin/../lib/gcc/arm-none-eabi/5.2.1/../../../../arm-none-eabi/lib/armv7-m\libg.a
LOAD c:/program files (x86)/gnu tools arm embedded/5.2 2015q4/bin/../lib/gcc/arm-none-eabi/5.2.1/../../../../arm-none-eabi/lib/armv7-m\libc.a
END GROUP
OUTPUT(rov2016_POWR.elf elf32-littlearm)

.debug_info     0x00000000     0x5fa4
 .debug_info    0x00000000     0x1c60 ..\obj\stm32f10x_tim.o
 .debug_info    0x00001c60      0x47d ..\obj\system_stm32f10x.o
 .debug_info    0x000020dd       0xe9 ..\obj\startup_stm32f10x_md.o
 .debug_info    0x000021c6      0xba4 ..\obj\stm32f10x_can.o
 .debug_info    0x00002d6a      0x6f6 ..\obj\stm32f10x_gpio.o
 .debug_info    0x00003460      0x170 ..\obj\main.o
 .debug_info    0x000035d0      0x899 ..\obj\stm32f10x_rcc.o
 .debug_info    0x00003e69      0x5d2 ..\obj\POWR_rov2016_Interface.o
 .debug_info    0x0000443b      0xa8c ..\obj\POWR_Canbus.o
 .debug_info    0x00004ec7       0xc1 ..\obj\sh_cmd.o
 .debug_info    0x00004f88      0x591 ..\obj\POWR_Switch.o
 .debug_info    0x00005519      0x54a ..\obj\POWR_SysTick.o
 .debug_info    0x00005a63      0x541 ..\obj\misc.o

.debug_abbrev   0x00000000     0x113e
 .debug_abbrev  0x00000000      0x1b2 ..\obj\stm32f10x_tim.o
 .debug_abbrev  0x000001b2      0x14e ..\obj\system_stm32f10x.o
 .debug_abbrev  0x00000300       0xa7 ..\obj\startup_stm32f10x_md.o
 .debug_abbrev  0x000003a7      0x1f5 ..\obj\stm32f10x_can.o
 .debug_abbrev  0x0000059c      0x1cc ..\obj\stm32f10x_gpio.o
 .debug_abbrev  0x00000768       0x78 ..\obj\main.o
 .debug_abbrev  0x000007e0      0x1bc ..\obj\stm32f10x_rcc.o
 .debug_abbrev  0x0000099c      0x1a7 ..\obj\POWR_rov2016_Interface.o
 .debug_abbrev  0x00000b43      0x228 ..\obj\POWR_Canbus.o
 .debug_abbrev  0x00000d6b       0x14 ..\obj\sh_cmd.o
 .debug_abbrev  0x00000d7f      0x11a ..\obj\POWR_Switch.o
 .debug_abbrev  0x00000e99      0x15e ..\obj\POWR_SysTick.o
 .debug_abbrev  0x00000ff7      0x147 ..\obj\misc.o

.debug_aranges  0x00000000      0x7b0
 .debug_aranges
                0x00000000      0x2f0 ..\obj\stm32f10x_tim.o
 .debug_aranges
                0x000002f0       0x38 ..\obj\system_stm32f10x.o
 .debug_aranges
                0x00000328       0x28 ..\obj\startup_stm32f10x_md.o
 .debug_aranges
                0x00000350       0xe0 ..\obj\stm32f10x_can.o
 .debug_aranges
                0x00000430       0xa8 ..\obj\stm32f10x_gpio.o
 .debug_aranges
                0x000004d8       0x20 ..\obj\main.o
 .debug_aranges
                0x000004f8      0x118 ..\obj\stm32f10x_rcc.o
 .debug_aranges
                0x00000610       0x88 ..\obj\POWR_rov2016_Interface.o
 .debug_aranges
                0x00000698       0x60 ..\obj\POWR_Canbus.o
 .debug_aranges
                0x000006f8       0x20 ..\obj\sh_cmd.o
 .debug_aranges
                0x00000718       0x30 ..\obj\POWR_Switch.o
 .debug_aranges
                0x00000748       0x28 ..\obj\POWR_SysTick.o
 .debug_aranges
                0x00000770       0x40 ..\obj\misc.o

.debug_ranges   0x00000000      0x6e8
 .debug_ranges  0x00000000      0x2e0 ..\obj\stm32f10x_tim.o
 .debug_ranges  0x000002e0       0x28 ..\obj\system_stm32f10x.o
 .debug_ranges  0x00000308       0x18 ..\obj\startup_stm32f10x_md.o
 .debug_ranges  0x00000320       0xd0 ..\obj\stm32f10x_can.o
 .debug_ranges  0x000003f0       0x98 ..\obj\stm32f10x_gpio.o
 .debug_ranges  0x00000488       0x10 ..\obj\main.o
 .debug_ranges  0x00000498      0x108 ..\obj\stm32f10x_rcc.o
 .debug_ranges  0x000005a0       0x78 ..\obj\POWR_rov2016_Interface.o
 .debug_ranges  0x00000618       0x50 ..\obj\POWR_Canbus.o
 .debug_ranges  0x00000668       0x20 ..\obj\POWR_Switch.o
 .debug_ranges  0x00000688       0x30 ..\obj\POWR_SysTick.o
 .debug_ranges  0x000006b8       0x30 ..\obj\misc.o

.debug_line     0x00000000     0x2e77
 .debug_line    0x00000000      0xb98 ..\obj\stm32f10x_tim.o
 .debug_line    0x00000b98      0x246 ..\obj\system_stm32f10x.o
 .debug_line    0x00000dde       0xb3 ..\obj\startup_stm32f10x_md.o
 .debug_line    0x00000e91      0x5b2 ..\obj\stm32f10x_can.o
 .debug_line    0x00001443      0x418 ..\obj\stm32f10x_gpio.o
 .debug_line    0x0000185b      0x1af ..\obj\main.o
 .debug_line    0x00001a0a      0x513 ..\obj\stm32f10x_rcc.o
 .debug_line    0x00001f1d      0x3a4 ..\obj\POWR_rov2016_Interface.o
 .debug_line    0x000022c1      0x376 ..\obj\POWR_Canbus.o
 .debug_line    0x00002637       0x8d ..\obj\sh_cmd.o
 .debug_line    0x000026c4      0x2a4 ..\obj\POWR_Switch.o
 .debug_line    0x00002968      0x284 ..\obj\POWR_SysTick.o
 .debug_line    0x00002bec      0x28b ..\obj\misc.o

.debug_str      0x00000000     0x2922
 .debug_str     0x00000000      0xd29 ..\obj\stm32f10x_tim.o
                                0xdf6 (size before relaxing)
 .debug_str     0x00000d29      0x183 ..\obj\system_stm32f10x.o
                                0x308 (size before relaxing)
 .debug_str     0x00000eac       0xc1 ..\obj\startup_stm32f10x_md.o
                                0x158 (size before relaxing)
 .debug_str     0x00000f6d      0x533 ..\obj\stm32f10x_can.o
                                0x747 (size before relaxing)
 .debug_str     0x000014a0      0x38f ..\obj\stm32f10x_gpio.o
                                0x532 (size before relaxing)
 .debug_str     0x0000182f      0x114 ..\obj\main.o
                                0x24e (size before relaxing)
 .debug_str     0x00001943      0x3f9 ..\obj\stm32f10x_rcc.o
                                0x633 (size before relaxing)
 .debug_str     0x00001d3c      0x474 ..\obj\POWR_rov2016_Interface.o
                                0x61b (size before relaxing)
 .debug_str     0x000021b0      0x4be ..\obj\POWR_Canbus.o
                                0x9dc (size before relaxing)
 .debug_str     0x0000266e       0x9f ..\obj\POWR_Switch.o
                                0x550 (size before relaxing)
 .debug_str     0x0000270d       0xc8 ..\obj\POWR_SysTick.o
                                0x382 (size before relaxing)
 .debug_str     0x000027d5      0x14d ..\obj\misc.o
                                0x3d7 (size before relaxing)

.comment        0x00000000       0x6e
 .comment       0x00000000       0x6e ..\obj\stm32f10x_tim.o
                                 0x6f (size before relaxing)
 .comment       0x0000006e       0x6f ..\obj\system_stm32f10x.o
 .comment       0x0000006e       0x6f ..\obj\startup_stm32f10x_md.o
 .comment       0x0000006e       0x6f ..\obj\stm32f10x_can.o
 .comment       0x0000006e       0x6f ..\obj\stm32f10x_gpio.o
 .comment       0x0000006e       0x6f ..\obj\main.o
 .comment       0x0000006e       0x6f ..\obj\stm32f10x_rcc.o
 .comment       0x0000006e       0x6f ..\obj\POWR_rov2016_Interface.o
 .comment       0x0000006e       0x6f ..\obj\POWR_Canbus.o
 .comment       0x0000006e       0x6f ..\obj\POWR_Switch.o
 .comment       0x0000006e       0x6f ..\obj\POWR_SysTick.o
 .comment       0x0000006e       0x6f ..\obj\misc.o

.ARM.attributes
                0x00000000       0x31
 .ARM.attributes
                0x00000000       0x33 ..\obj\stm32f10x_tim.o
 .ARM.attributes
                0x00000033       0x33 ..\obj\system_stm32f10x.o
 .ARM.attributes
                0x00000066       0x33 ..\obj\startup_stm32f10x_md.o
 .ARM.attributes
                0x00000099       0x33 ..\obj\stm32f10x_can.o
 .ARM.attributes
                0x000000cc       0x33 ..\obj\stm32f10x_gpio.o
 .ARM.attributes
                0x000000ff       0x33 ..\obj\main.o
 .ARM.attributes
                0x00000132       0x33 ..\obj\stm32f10x_rcc.o
 .ARM.attributes
                0x00000165       0x33 ..\obj\POWR_rov2016_Interface.o
 .ARM.attributes
                0x00000198       0x33 ..\obj\POWR_Canbus.o
 .ARM.attributes
                0x000001cb       0x21 ..\obj\sh_cmd.o
 .ARM.attributes
                0x000001ec       0x33 ..\obj\POWR_Switch.o
 .ARM.attributes
                0x0000021f       0x33 ..\obj\POWR_SysTick.o
 .ARM.attributes
                0x00000252       0x33 ..\obj\misc.o

.debug_frame    0x00000000     0x1ff8
 .debug_frame   0x00000000      0xe2c ..\obj\stm32f10x_tim.o
 .debug_frame   0x00000e2c       0x98 ..\obj\system_stm32f10x.o
 .debug_frame   0x00000ec4       0x4c ..\obj\startup_stm32f10x_md.o
 .debug_frame   0x00000f10      0x3f0 ..\obj\stm32f10x_can.o
 .debug_frame   0x00001300      0x2d0 ..\obj\stm32f10x_gpio.o
 .debug_frame   0x000015d0       0x2c ..\obj\main.o
 .debug_frame   0x000015fc      0x4f4 ..\obj\stm32f10x_rcc.o
 .debug_frame   0x00001af0      0x1fc ..\obj\POWR_rov2016_Interface.o
 .debug_frame   0x00001cec      0x15c ..\obj\POWR_Canbus.o
 .debug_frame   0x00001e48       0x80 ..\obj\POWR_Switch.o
 .debug_frame   0x00001ec8       0x58 ..\obj\POWR_SysTick.o
 .debug_frame   0x00001f20       0xd8 ..\obj\misc.o
